Microchip MPLAB XC8 Compiler V3.10

Linker command line:

-W-3 --edf=/Applications/microchip/xc8/v3.10/pic/dat/20250813170317_en.msgs \
  -cn -h+dist/default/debug/exercise1.X.debug.sym \
  --cmf=dist/default/debug/exercise1.X.debug.cmf -z -Q16F887 \
  -o/tmp/xcVorYykc/driver_tmp_3.o --defsym=__MPLAB_BUILD=1 \
  --fixupoverflow=error -Mdist/default/debug/exercise1.X.debug.map \
  --md=/tmp/xcVorYykc/driver_tmp_0.dat -E1 -ver=XC8 Compiler \
  -ACODE=00h-07FFhx4 -ASTRCODE=00h-01FFFh -ASTRING=00h-0FFhx32 \
  -ACONST=00h-0FFhx32 -AENTRY=00h-0FFhx32 -ACOMMON=070h-07Fh \
  -ABANK0=020h-06Fh -ABANK1=0A0h-0EFh -ABANK2=0110h-016Fh \
  -ABANK3=0190h-01EFh -ARAM=020h-06Fh,0A0h-0EFh,0110h-016Fh,0190h-01EFh \
  -AABS1=020h-07Fh,0A0h-0EFh,0110h-016Fh,0190h-01EFh -ASFR0=00h-01Fh \
  -ASFR1=080h-09Fh -ASFR2=0100h-010Fh -ASFR3=0180h-018Fh \
  -ACONFIG=02007h-02008h -DCONFIG=2 -AIDLOC=02000h-02003h -DIDLOC=2 \
  -AEEDATA=00h-0FFh/02100h -peeprom_data=EEDATA -DEEDATA=2 -DCODE=2 \
  -DSTRCODE=2 -DSTRING=2 -DCONST=2 -DENTRY=2 \
  -preset_vec=00h,intentry,sivt,init,end_init -ppowerup=CODE -pcinit=CODE \
  -pfunctab=ENTRY -k /tmp/xcVorYykc/driver_tmp_12.o \
  dist/default/debug/exercise1.X.debug.o 

Object code version is 3.11

Machine type is 16F887



                Name                               Link     Load   Length Selector   Space Scale
/tmp/xcVorYykc/driver_tmp_12.o
                end_init                              0        0        3        0       0
                config                             2007     2007        1        0       4
dist/default/debug/exercise1.X.debug.o
                cinit                               7FA      7FA        6      FF4       0
                config                             2007     2007        1        0       4
                text2                               784      784       76      F08       0
                text1                               75C      75C       28      EB8       0
                maintext                            73A      73A       22      E74       0
                cstackCOMMON                         70       70        3       70       1
                bssCOMMON                            73       73        2       70       1
                strings                               3        3       12        6       0

TOTAL           Name                               Link     Load   Length     Space
        CLASS   CODE           
                end_init                              0        0        3         0
                cinit                               7FA      7FA        6         0
                text2                               784      784       76         0
                text1                               75C      75C       28         0
                maintext                            73A      73A       22         0

        CLASS   STRCODE        

        CLASS   STRING         
                strings                               3        3       12         0

        CLASS   CONST          

        CLASS   ENTRY          

        CLASS   COMMON         
                cstackCOMMON                         70       70        3         1
                bssCOMMON                            73       73        2         1

        CLASS   BANK0          

        CLASS   BANK1          

        CLASS   BANK2          

        CLASS   BANK3          

        CLASS   RAM            

        CLASS   ABS1           
                abs_s1                               7E       7E        2         1

        CLASS   SFR0           

        CLASS   SFR1           

        CLASS   SFR2           

        CLASS   SFR3           

        CLASS   CONFIG         
                config                             2007     2007        1         4

        CLASS   IDLOC          

        CLASS   EEDATA         

        CLASS   HEAP           

        CLASS   STACK          



SEGMENTS        Name                           Load    Length   Top    Selector   Space  Class     Delta

                text2                          000784  000076  0007FA       F08       0  CODE        2
                text1                          00075C  000028  000784       EB8       0  CODE        2
                reset_vec                      000000  000003  000003         0       0  CODE        2
                maintext                       00073A  000022  00075C       E74       0  CODE        2
                strings                        000003  000012  000015         6       0  STRING      2
                cinit                          0007FA  000006  000800       FF4       0  CODE        2
                cstackCOMMON                   000070  000005  000075        70       1  COMMON      1


UNUSED ADDRESS RANGES

        Name                Unused          Largest block    Delta
        BANK0            0020-006F             50           1
        BANK1            00A0-00EF             50           1
        BANK2            0110-016F             60           1
        BANK3            0190-01EF             60           1
        CODE             0015-0739            725           2
                         0800-1FFF            800
        COMMON           0075-007D              9           1
        CONFIG           2008-2008              1           2
        CONST            0015-0739            100           2
                         0800-1FFF            100
        EEDATA           2100-21FF            100           2
        ENTRY            0015-0739            100           2
                         0800-1FFF            100
        IDLOC            2000-2003              4           2
        RAM              0020-006F             50           1
                         00A0-00EF             50
                         0110-016F             60
                         0190-01EF             60
        SFR0             0000-001F             20           1
        SFR1             0080-009F             20           1
        SFR2             0100-010F             10           1
        SFR3             0180-018F             10           1
        STRCODE          0015-0739            725           2
                         0800-1FFF           1800
        STRING           0015-0739            100           2
                         0800-1FFF            100

                                  Symbol Table

_ANSELH                         (abs)        0189
_CENTER_TO_ENDS_PATTERN         strings      0011
_IOCB                           (abs)        0096
_OPTION_REG                     (abs)        0081
_PORTB                          (abs)        0006
_PORTC                          (abs)        0007
_RB0                            (abs)        0030
_RIGHT_TO_LEFT_PATTERN          strings      0009
_TRISB                          (abs)        0086
_TRISC                          (abs)        0087
_WPUB                           (abs)        0095
__H__absolute__                 __absolute__ 0000
__Habs1                         abs1         0000
__Hbank0                        bank0        0000
__Hbank1                        bank1        0000
__Hbank2                        bank2        0000
__Hbank3                        bank3        0000
__HbssCOMMON                    bssCOMMON    0000
__Hcinit                        cinit        0800
__Hclrtext                      clrtext      0000
__Hcode                         code         0000
__Hcommon                       common       0000
__Hconfig                       config       2008
__HcstackCOMMON                 cstackCOMMON 0000
__Heeprom_data                  eeprom_data  0000
__Hend_init                     end_init     0003
__Hfunctab                      functab      0000
__Hheap                         heap         0000
__Hinit                         init         0000
__Hintentry                     intentry     0000
__Hmaintext                     maintext     0000
__Hpowerup                      powerup      0000
__Hram                          ram          0000
__Hreset_vec                    reset_vec    0000
__Hsfr0                         sfr0         0000
__Hsfr1                         sfr1         0000
__Hsfr2                         sfr2         0000
__Hsfr3                         sfr3         0000
__Hsivt                         sivt         0000
__Hspace_0                      (abs)        0800
__Hspace_1                      (abs)        0075
__Hspace_2                      (abs)        0000
__Hspace_3                      (abs)        0000
__Hspace_4                      (abs)        400F
__Hstack                        stack        0000
__Hstrings                      strings      0000
__Htext                         text         0000
__L__absolute__                 __absolute__ 0000
__Labs1                         abs1         0000
__Lbank0                        bank0        0000
__Lbank1                        bank1        0000
__Lbank2                        bank2        0000
__Lbank3                        bank3        0000
__LbssCOMMON                    bssCOMMON    0000
__Lcinit                        cinit        07FA
__Lclrtext                      clrtext      0000
__Lcode                         code         0000
__Lcommon                       common       0000
__Lconfig                       config       0000
__LcstackCOMMON                 cstackCOMMON 0000
__Leeprom_data                  eeprom_data  0000
__Lend_init                     end_init     0000
__Lfunctab                      functab      0000
__Lheap                         heap         0000
__Linit                         init         0000
__Lintentry                     intentry     0000
__Lmaintext                     maintext     0000
__Lpowerup                      powerup      0000
__Lram                          ram          0000
__Lreset_vec                    reset_vec    0000
__Lsfr0                         sfr0         0000
__Lsfr1                         sfr1         0000
__Lsfr2                         sfr2         0000
__Lsfr3                         sfr3         0000
__Lsivt                         sivt         0000
__Lspace_0                      (abs)        0000
__Lspace_1                      (abs)        0000
__Lspace_2                      (abs)        0000
__Lspace_3                      (abs)        0000
__Lspace_4                      (abs)        0000
__Lstack                        stack        0000
__Lstrings                      strings      0000
__Ltext                         text         0000
__S0                            (abs)        0800
__S1                            (abs)        0075
__S3                            (abs)        0000
___heap_hi                      (abs)        0000
___heap_lo                      (abs)        0000
___int_sp                       stack        0000
___int_stack_hi                 stack        0000
___int_stack_lo                 stack        0000
___latbits                      (abs)        0002
___sp                           stack        0000
___stack_hi                     stack        0000
___stack_lo                     stack        0000
___stackhi                      (abs)        0000
___stacklo                      (abs)        0000
__end_of_CENTER_TO_ENDS_PATTERN strings      0015
__end_of_RIGHT_TO_LEFT_PATTERN  strings      0011
__end_of__initialization        cinit        07FC
__end_of__stringtab             strings      0009
__end_of_handler_animation      text2        07FA
__end_of_listener_buttons       text1        0784
__end_of_main                   maintext     075C
__initialization                cinit        07FA
__pbssCOMMON                    bssCOMMON    0073
__pcstackCOMMON                 cstackCOMMON 0070
__pmaintext                     maintext     073A
__pstrings                      strings      0003
__ptext1                        text1        075C
__ptext2                        text2        0784
__stringbase                    strings      0008
__stringtab                     strings      0003
_anim_index                     bssCOMMON    0073
_current_animation              bssCOMMON    0074
_handler_animation              text2        0784
_listener_buttons               text1        075C
_main                           maintext     073A
btemp                           (abs)        007E
btemp0                          (abs)        007E
btemp1                          (abs)        007F
end_of_initialization           cinit        07FC
intlevel0                       functab      0000
intlevel1                       functab      0000
intlevel2                       functab      0000
intlevel3                       functab      0000
intlevel4                       functab      0000
intlevel5                       functab      0000
ltemp0a                         (abs)        0080
reset_vec                       reset_vec    0000
start                           init         0000
start_initialization            cinit        07FA
ttemp0a                         (abs)        007F
wtemp0                          (abs)        007E
wtemp0a                         (abs)        007F


MODULE INFORMATION

Module		Function		Class		Link	Load	Size
exercise1.c
		_main          		CODE           	073A	0000	34
		_listener_buttons		CODE           	075C	0000	40
		_handler_animation		CODE           	0784	0000	118

exercise1.c estimated size: 192

shared
		__stringtab    		STRING         	0003	0000	6
		_CENTER_TO_ENDS_PATTERN		STRING         	0011	0000	4
		__initialization		CODE           	07FA	0000	2
		_RIGHT_TO_LEFT_PATTERN		STRING         	0009	0000	8

shared estimated size: 20

